// Jest Snapshot v1, https://goo.gl/fbAQLP

exports[`<AddFeedModalContainer /> renders and matches the snapshot 1`] = `
<Provider
  store={
    Object {
      "clearActions": [Function],
      "dispatch": [Function],
      "getActions": [Function],
      "getState": [Function],
      "replaceReducer": [Function],
      "subscribe": [Function],
    }
  }
>
  <Connect(AddFeedModalComponent)>
    <AddFeedModalComponent
      feedAdd={[Function]}
      folders={Immutable.OrderedMap {}}
    >
      <Modal
        centered={true}
        className="rss-modal"
        closeOnDimmerClick={true}
        closeOnDocumentClick={false}
        dimmer={true}
        eventPool="Modal"
        onClose={[Function]}
        size="small"
      >
        <Portal
          closeOnDocumentClick={false}
          closeOnEscape={true}
          eventPool="Modal"
          mountNode={<body />}
          onClose={[Function]}
          onMount={[Function]}
          onOpen={[Function]}
          onUnmount={[Function]}
          openOnTriggerClick={true}
        />
      </Modal>
    </AddFeedModalComponent>
  </Connect(AddFeedModalComponent)>
</Provider>
`;
