// Jest Snapshot v1, https://goo.gl/fbAQLP

exports[`<WindowComponent /> renders and matches snapshot 1`] = `
<ErrorBoundary>
  <Connect(LoginComponent) />
</ErrorBoundary>
`;
