// Jest Snapshot v1, https://goo.gl/fbAQLP

exports[`<ListFeeds /> renders and matches the snapshot 1`] = `
<div>
  <div
    className="clear"
  />
</div>
`;
